
> mini@1.0.0 test
> jest --detectOpenHandles

node.exe : FAIL 
tests/ui.spec.js
At C:\Program Files\nod
ejs\npm.ps1:29 char:3
+   & $NODE_EXE 
$NPM_CLI_JS $args
+   ~~~~~~~~~~~~~~~~~~~
~~~~~~~~~~
    + CategoryInfo     
         : 
NotSpecified    : 
(FAIL tests/ui.sp    
ec.js:String) [], R    
emoteException
    + 
FullyQualifiedErr    
orId : NativeComman    
dError
 
  ΓùÅ UNIO Frontend - 
User Authentication 
ΓÇ║ TC-15: Should 
display login page 
correctly

    ReferenceError: cy 
is not defined

    [0m [90m 1 
|[39m  
describe([32m'UNIO 
Frontend - User Authent
ication'[39m[33m,[39
m () [33m=>[39m {
     [90m 2 |[39m    
 beforeEach(() 
[33m=>[39m {
    [31m[1m>[22m[39
m[90m 3 |[39m        
 cy[33m.[39mvisit([3
2m'/'[39m)[33m;[39m 
[90m// Visit the 
homepage[39m
     [90m   |[39m    
     
[31m[1m^[22m[39m
     [90m 4 |[39m    
 })[33m;[39m
     [90m 5 |[39m
     [90m 6 |[39m    
 it([32m'TC-15: 
Should display login 
page correctly'[39m[3
3m,[39m () 
[33m=>[39m {[0m

      at Object.cy (C:\
Users\Neved\Downloads\l
atest (1)\newmini (3)..
/../../../../../newmini
/tests/ui.spec.js:3:9)

  ΓùÅ UNIO Frontend - 
User Authentication 
ΓÇ║ TC-17: Should show 
error for invalid 
inputs

    ReferenceError: cy 
is not defined

    [0m [90m 1 
|[39m  
describe([32m'UNIO 
Frontend - User Authent
ication'[39m[33m,[39
m () [33m=>[39m {
     [90m 2 |[39m    
 beforeEach(() 
[33m=>[39m {
    [31m[1m>[22m[39
m[90m 3 |[39m        
 cy[33m.[39mvisit([3
2m'/'[39m)[33m;[39m 
[90m// Visit the 
homepage[39m
     [90m   |[39m    
     
[31m[1m^[22m[39m
     [90m 4 |[39m    
 })[33m;[39m
     [90m 5 |[39m
     [90m 6 |[39m    
 it([32m'TC-15: 
Should display login 
page correctly'[39m[3
3m,[39m () 
[33m=>[39m {[0m

      at Object.cy (C:\
Users\Neved\Downloads\l
atest (1)\newmini (3)..
/../../../../../newmini
/tests/ui.spec.js:3:9)

PASS 
tests/bookings.test.js
  ΓùÅ Console

    console.log
      [dotenv@17.3.1] 
injecting env (7) from 
.env -- tip: ΓÜÖ∩╕Å  
write to custom object 
with { processEnv: 
myObject }

      at _log (C:\Users
\Neved\Downloads\latest
 (1)\newmini (3)../../.
./../../../newmini/node
_modules/dotenv/lib/mai
n.js:139:11)

    console.log
      [dotenv@17.3.1] 
injecting env (0) from 
.env -- tip: ≡ƒöÉ 
encrypt with Dotenvx: 
https://dotenvx.com

      at _log (C:\Users
\Neved\Downloads\latest
 (1)\newmini (3)../../.
./../../../newmini/node
_modules/dotenv/lib/mai
n.js:139:11)

PASS tests/auth.test.js
  ΓùÅ Console

    console.log
      [dotenv@17.3.1] 
injecting env (7) from 
.env -- tip: ≡ƒñû 
agentic secret 
storage: 
https://dotenvx.com/as2

      at _log (C:\Users
\Neved\Downloads\latest
 (1)\newmini (3)../../.
./../../../newmini/node
_modules/dotenv/lib/mai
n.js:139:11)

    console.log
      [dotenv@17.3.1] 
injecting env (0) from 
.env -- tip: ≡ƒñû 
agentic secret 
storage: 
https://dotenvx.com/as2

      at _log (C:\Users
\Neved\Downloads\latest
 (1)\newmini (3)../../.
./../../../newmini/node
_modules/dotenv/lib/mai
n.js:139:11)

PASS 
tests/listings.test.js
  ΓùÅ Console

    console.log
      [dotenv@17.3.1] 
injecting env (7) from 
.env -- tip: ≡ƒñû 
agentic secret 
storage: 
https://dotenvx.com/as2

      at _log (C:\Users
\Neved\Downloads\latest
 (1)\newmini (3)../../.
./../../../newmini/node
_modules/dotenv/lib/mai
n.js:139:11)

    console.log
      [dotenv@17.3.1] 
injecting env (0) from 
.env -- tip: ≡ƒ¢á∩╕Å  
run anywhere with 
`dotenvx run -- 
yourcommand`

      at _log (C:\Users
\Neved\Downloads\latest
 (1)\newmini (3)../../.
./../../../newmini/node
_modules/dotenv/lib/mai
n.js:139:11)

PASS tests/db.test.js
  ΓùÅ Console

    console.log
      [dotenv@17.3.1] 
injecting env (7) from 
.env -- tip: ≡ƒ¢í∩╕Å 
auth for agents: 
https://vestauth.com

      at _log (C:\Users
\Neved\Downloads\latest
 (1)\newmini (3)../../.
./../../../newmini/node
_modules/dotenv/lib/mai
n.js:139:11)


Test Suites: 1 failed, 
4 passed, 5 total
Tests:       2 failed, 
14 passed, 16 total
Snapshots:   0 total
Time:        2.434 s
Ran all test suites.
